// Jest Snapshot v1, https://goo.gl/fbAQLP

exports[`When the application is loaded should render correctly 1`] = `ShallowWrapper {}`;

exports[`When the application is loaded should render correctly in debug mode 1`] = `ShallowWrapper {}`;
