// Jest Snapshot v1, https://goo.gl/fbAQLP

exports[`QuizList component should render correctly 1`] = `ShallowWrapper {}`;

exports[`QuizList component should render correctly in debug mode 1`] = `ShallowWrapper {}`;
