// Jest Snapshot v1, https://goo.gl/fbAQLP

exports[`Topnav should render correctly 1`] = `ShallowWrapper {}`;

exports[`Topnav should render correctly in debug mode 1`] = `ShallowWrapper {}`;
